
> @mzrk/cog@0.1.4 test
> jest

node.exe : PASS src/__tests__/html/sanitizeHtml.spec.js
At line:1 char:1
+ & "C:\nvm4w\nodejs/node.exe" "C:\nvm4w\nodejs/node_modules/npm/bin/np ...
+ ~~~~~~~~~~~~~~~~~~~~~~~~~~~~~~~~~~~~~~~~~~~~~~~~~~~~~~~~~~~~~~~~~~~~~
    + CategoryInfo          : NotSpecified: (PASS src/__test...izeHtml.spec.js 
   :String) [], RemoteException
    + FullyQualifiedErrorId : NativeCommandError
 
  sanitizeHtml
    ΓêÜ remove empty lines and line breaks from string (6 ms)

PASS src/__tests__/attributes/getChangedAttributes.spec.js
  getChangedAttributes
    ΓêÜ get changed attributes (7 ms)

PASS src/__tests__/html/findNextTemplateExpression.spec.js
  findNextTemplateExpression
    ΓêÜ finds the next template expression start and end index (6 ms)
    ΓêÜ return -1 for end if no expression is found

PASS src/__tests__/nodes/compareNodes.spec.js
  compareNodes
    ΓêÜ compareTextNodes are different (6 ms)
    ΓêÜ compareTextNodes are the same (1 ms)
    ΓêÜ compareChildNodes elements to be added (2 ms)
    ΓêÜ compareChildNodes elements to be removed (1 ms)
    ΓêÜ compareCustomElementChildren are different (4 ms)
    ΓêÜ compareCustomElementChildren are the same (1 ms)
    ΓêÜ compareNodes attributes are different (1 ms)
    ΓêÜ compareNodes custom elements are different (1 ms)
    ΓêÜ compareNodes children are different

PASS src/__tests__/createState.spec.js
  createState
    ΓêÜ createState (6 ms)

PASS src/__tests__/expressions/createExpressionScope.spec.js
  createExpressionScope
    ΓêÜ create scoped function for executing the expression (7 ms)
    ΓêÜ fail to call scoped function when state is missing (6 ms)

PASS src/__tests__/attributes/attributesToState.spec.js
  attributesToState
    ΓêÜ state created from attributes (7 ms)

PASS src/__tests__/nodes/registerReactiveNode.spec.js
  registerReactiveNode
    ΓêÜ element added to list and new element created (20 ms)

PASS src/__tests__/attributes/handleBooleanAttribute.spec.js
  handleBooleanAttribute
    ΓêÜ set element checked state to true (7 ms)
    ΓêÜ set element checked state to false (1 ms)

PASS src/__tests__/expressions/evaluateExpression.spec.js
  evaluateExpression
    ΓêÜ execute state scope expression function (6 ms)
    ΓêÜ execute state scope expression function that returns an array

PASS src/__tests__/html/evaluateTemplate.spec.js
  evaluateTemplate
    ΓêÜ extractTemplateExpressions (8 ms)
    ΓêÜ evaluateTemplate (1 ms)

PASS src/__tests__/attributes/convertAttributeValue.spec.js
  convertAttributeValue
    ΓêÜ string 'false' becomes boolean false (6 ms)
    ΓêÜ string 'true' becomes boolean true
    ΓêÜ string 'undefined' becomes undefined
    ΓêÜ string 'null' becomes null (1 ms)
    ΓêÜ number as a string becomes a number
    ΓêÜ any string remains the same

PASS src/__tests__/html/htmlToText.spec.js
  htmlToText
    ΓêÜ transform html to text (11 ms)

PASS src/__tests__/createReactiveNodes.spec.js
  createReactiveNodes
    ΓêÜ createReactiveNodes (6 ms)

PASS src/__tests__/expressions/sanitizeExpression.spec.js
  sanitizeExpression
    ΓêÜ remove new lines from string (7 ms)

PASS src/__tests__/nodes/findCorrespondingNode.spec.js
  findCorrespondingNode
    ΓêÜ find node in another tree (7 ms)
    ΓêÜ can't find node in another tree (1 ms)

PASS src/__tests__/nodes/elementFromString.spec.js
  elementFromString
    ΓêÜ get element from string (7 ms)

PASS src/__tests__/expressions/validateExpression.spec.js
  validateExpression - Safe Patterns
    ΓêÜ allows simple property access (6 ms)
    ΓêÜ allows bracket notation (1 ms)
    ΓêÜ allows nested property and bracket access
    ΓêÜ allows arithmetic operators (1 ms)
    ΓêÜ allows comparison operators
    ΓêÜ allows logical operators
    ΓêÜ allows ternary operator (1 ms)
    ΓêÜ allows unary operators
    ΓêÜ allows method calls on arrays
    ΓêÜ allows method calls on strings (1 ms)
    ΓêÜ allows method calls on numbers
    ΓêÜ allows function calls
    ΓêÜ allows string and number literals
    ΓêÜ allows complex expressions
    ΓêÜ allows nested function calls (1 ms)
  validateExpression - Rejected Patterns
    ΓêÜ rejects window access (14 ms)
    ΓêÜ rejects document access (1 ms)
    ΓêÜ rejects global access
    ΓêÜ rejects fetch
    ΓêÜ rejects eval (1 ms)
    ΓêÜ rejects Function constructor
    ΓêÜ rejects setTimeout (1 ms)
    ΓêÜ rejects setInterval
    ΓêÜ rejects require
    ΓêÜ rejects import
    ΓêÜ rejects prototype access
    ΓêÜ rejects constructor access (1 ms)
    ΓêÜ rejects __proto__ access
    ΓêÜ rejects console (1 ms)
    ΓêÜ rejects alert
    ΓêÜ rejects XMLHttpRequest (1 ms)
  validateExpression - Edge Cases
    ΓêÜ rejects empty expressions
    ΓêÜ rejects unmatched parentheses (1 ms)
    ΓêÜ rejects unmatched brackets (1 ms)
    ΓêÜ rejects unterminated string (1 ms)
    ΓêÜ rejects comments (1 ms)
    ΓêÜ rejects template literals (but comment says allow them)
    ΓêÜ allows curly braces in arrow functions (1 ms)
    ΓêÜ allows window as part of identifier (but not as standalone keyword)
    ΓêÜ handles whitespace properly (1 ms)
    ΓêÜ rejects dangerous patterns within strings (dangerous word)
    ΓêÜ allows nullish coalescing
    ΓêÜ allows multiple operators in sequence (valid cases) (1 ms)
  validateExpression - Error Messages
    ΓêÜ provides helpful error message for window access
    ΓêÜ error message includes position information
    ΓêÜ getDangerousPatternDescription works (1 ms)
  validateExpression - Real-world Examples
    ΓêÜ counter app expressions work
    ΓêÜ todo app expressions work
    ΓêÜ conditional rendering expressions work (1 ms)
    ΓêÜ arithmetic expressions work
    ΓêÜ string methods work
    ΓêÜ array methods work (1 ms)

PASS src/__tests__/html/removeTagsAndAttributeNames.spec.js
  removeTagsAndAttributeNames
    ΓêÜ remove tags, attribute names and special chars from string (6 ms)

PASS src/__tests__/nodes/isCustomElement.spec.js
  isCustomElement
    ΓêÜ if element is custom (6 ms)
    ΓêÜ if element is not custom (1 ms)

PASS src/__tests__/nodes/findNodes.spec.js
  findNodes
    ΓêÜ find nodes with xpath query (10 ms)

PASS src/__tests__/attributes/getAttributes.spec.js
  getAttributes
    ΓêÜ get attributes from element (6 ms)
    ΓêÜ get attributes with expression from element (2 ms)

PASS src/__tests__/attributes/getLocalState.spec.js
  getLocalState
    ΓêÜ get local state from attributes (6 ms)

PASS src/__tests__/nodes/registerNativeElements.spec.js
  registerNativeElements
    ΓêÜ reactive element added to list (20 ms)

PASS src/__tests__/nodes/registerTemplates.spec.js
  registerTemplates
    ΓêÜ add custom elements to list (18 ms)
    ΓêÜ template should have a single child (7 ms)

PASS src/__tests__/eventListeners/eventListeners.spec.js
  eventListeners
    ΓêÜ add/remove event listeners from elements (12 ms)
    ΓêÜ handle event listeners that reference undefined variables (5 ms)
    ΓêÜ handle no handler attribute (2 ms)
    ΓêÜ don't remove event listeners if there aren't any (1 ms)

PASS src/__tests__/rerender.spec.js
  rerender
    ΓêÜ call reconcile only once for batch (73 ms)

FAIL src/__tests__/nodes/reconcile.spec.js
  reconcile
    ΓêÜ update changed elements (16 ms)
    ├ù update attribute (4 ms)

  ΓùÅ reconcile ΓÇ║ update attribute

    TestingLibraryElementError: Found multiple elements by: 
[data-testid="checkbox"]

    Here are the matching elements:

    Ignored nodes: comments, script, style
    [36m<div[39m
      [33mdata-attribute-checked[39m=[32m"{{ checked }}"[39m
      [33mdata-testid[39m=[32m"checkbox"[39m
    [36m>[39m
      [0mHello[0m
    [36m</div>[39m

    Ignored nodes: comments, script, style
    [36m<div[39m
      [33mchecked[39m=[32m"true"[39m
      [33mdata-attribute-checked[39m=[32m"true"[39m
      [33mdata-testid[39m=[32m"checkbox"[39m
    [36m>[39m
      [0mHello[0m
    [36m</div>[39m

    (If this is intentional, then use the `*AllBy*` variant of the query (like 
`queryAllByText`, `getAllByText`, or `findAllByText`)).

    Ignored nodes: comments, script, style
    [36m<div>[39m
      [36m<div[39m
        [33mdata-attribute-checked[39m=[32m"{{ checked }}"[39m
        [33mdata-testid[39m=[32m"checkbox"[39m
      [36m>[39m
        [0mHello[0m
      [36m</div>[39m
      [36m<div[39m
        [33mchecked[39m=[32m"true"[39m
        [33mdata-attribute-checked[39m=[32m"true"[39m
        [33mdata-testid[39m=[32m"checkbox"[39m
      [36m>[39m
        [0mHello[0m
      [36m</div>[39m
    [36m</div>[39m

    [0m [90m 50 |[39m
     [90m 51 |[39m         expect(
    [31m[1m>[22m[39m[90m 52 |[39m             
getByTestId(root[33m,[39m [32m"checkbox"[39m)[33m.[39mgetAttribute([32m"
data-attribute-checked"[39m)
     [90m    |[39m                        [31m[1m^[22m[39m
     [90m 53 |[39m         )[33m.[39mtoBe([32m"true"[39m)[33m;[39m
     [90m 54 |[39m     })[33m;[39m
     [90m 55 |[39m })[33m;[39m[0m

      at Object.getElementError (node_modules/.pnpm/@testing-library+dom@9.3.3/
node_modules/@testing-library/dom/dist/config.js:37:19)
      at getElementError (node_modules/.pnpm/@testing-library+dom@9.3.3/node_mo
dules/@testing-library/dom/dist/query-helpers.js:20:35)
      at getMultipleElementsFoundError (node_modules/.pnpm/@testing-library+dom
@9.3.3/node_modules/@testing-library/dom/dist/query-helpers.js:23:10)
      at node_modules/.pnpm/@testing-library+dom@9.3.3/node_modules/@testing-li
brary/dom/dist/query-helpers.js:55:13
      at node_modules/.pnpm/@testing-library+dom@9.3.3/node_modules/@testing-li
brary/dom/dist/query-helpers.js:95:19
      at Object.<anonymous> (src/__tests__/nodes/reconcile.spec.js:52:24)

FAIL src/__tests__/cog.spec.js (6.965 s)
  cog
    ├ù pass data to custom element through data attributes (20 ms)
    ΓêÜ template should have a single child (2 ms)
    ├ù update custom element reactive data attribute (4 ms)
    ├ù update custom element static data attribute (7 ms)
    ├ù update custom element children attribute (8 ms)
    ├ù add children to custom element (1014 ms)
    ├ù remove children from custom element (1009 ms)
    ├ù update child custom elements of custom element (1024 ms)
    ΓêÜ update variable, method invocation (30 ms)
    ΓêÜ read variable (1 ms)
    ├ù conditional attribute true (1014 ms)
    ├ù conditional attribute false (1016 ms)

  ΓùÅ cog ΓÇ║ pass data to custom element through data attributes

    TestingLibraryElementError: Unable to find an element with the text: Hello 
World!. This could be because the text is broken up by multiple elements. In 
this case, you can provide a function for your text matcher to make your 
matcher more flexible.

    Ignored nodes: comments, script, style
    [36m<div>[39m
      [36m<div>[39m
        [0mHello {{ dataName }}![0m
      [36m</div>[39m
    [36m</div>[39m

    [0m [90m 26 |[39m         cog[33m.[39mrender(root)[33m;[39m
     [90m 27 |[39m
    [31m[1m>[22m[39m[90m 28 |[39m         
expect(getByText(root[33m,[39m [32m"Hello 
World!"[39m))[33m.[39mtoBeInTheDocument()[33m;[39m
     [90m    |[39m                         [31m[1m^[22m[39m
     [90m 29 |[39m     })[33m;[39m
     [90m 30 |[39m
     [90m 31 |[39m     test([32m"template should have a single 
child"[39m[33m,[39m [36masync[39m () [33m=>[39m {[0m

      at Object.getElementError (node_modules/.pnpm/@testing-library+dom@9.3.3/
node_modules/@testing-library/dom/dist/config.js:37:19)
      at node_modules/.pnpm/@testing-library+dom@9.3.3/node_modules/@testing-li
brary/dom/dist/query-helpers.js:76:38
      at node_modules/.pnpm/@testing-library+dom@9.3.3/node_modules/@testing-li
brary/dom/dist/query-helpers.js:52:17
      at node_modules/.pnpm/@testing-library+dom@9.3.3/node_modules/@testing-li
brary/dom/dist/query-helpers.js:95:19
      at Object.<anonymous> (src/__tests__/cog.spec.js:28:25)

  ΓùÅ cog ΓÇ║ update custom element reactive data attribute

    TestingLibraryElementError: Unable to find an element with the text: Hello 
World!. This could be because the text is broken up by multiple elements. In 
this case, you can provide a function for your text matcher to make your 
matcher more flexible.

    Ignored nodes: comments, script, style
    [36m<div>[39m
      [36m<div>[39m
        [0mHello {{ dataName }}![0m
      [36m</div>[39m
    [36m</div>[39m

    [0m [90m 66 |[39m         cog[33m.[39mrender(root)[33m;[39m
     [90m 67 |[39m
    [31m[1m>[22m[39m[90m 68 |[39m         [36mconst[39m element 
[33m=[39m getByText(root[33m,[39m [32m"Hello World!"[39m)[33m;[39m
     [90m    |[39m                                  [31m[1m^[22m[39m
     [90m 69 |[39m
     [90m 70 |[39m         
expect(element)[33m.[39mtoBeInTheDocument()[33m;[39m
     [90m 71 |[39m[0m

      at Object.getElementError (node_modules/.pnpm/@testing-library+dom@9.3.3/
node_modules/@testing-library/dom/dist/config.js:37:19)
      at node_modules/.pnpm/@testing-library+dom@9.3.3/node_modules/@testing-li
brary/dom/dist/query-helpers.js:76:38
      at node_modules/.pnpm/@testing-library+dom@9.3.3/node_modules/@testing-li
brary/dom/dist/query-helpers.js:52:17
      at node_modules/.pnpm/@testing-library+dom@9.3.3/node_modules/@testing-li
brary/dom/dist/query-helpers.js:95:19
      at Object.<anonymous> (src/__tests__/cog.spec.js:68:34)

  ΓùÅ cog ΓÇ║ update custom element static data attribute

    TestingLibraryElementError: Unable to find an element with the text: Hello 
0!. This could be because the text is broken up by multiple elements. In this 
case, you can provide a function for your text matcher to make your matcher 
more flexible.

    Ignored nodes: comments, script, style
    [36m<div>[39m
      [36m<div>[39m
        [0m{{ new Array(1).fill(0).map( (n, i) =&gt; `[0m
        [36m<div>[39m
          [0mHello {{ dataChild }}![0m
        [36m</div>[39m
        [0m`)}}[0m
      [36m</div>[39m
      [36m<div>[39m
        [36m<div>[39m
          [0mHello {{ dataChild }}![0m
        [36m</div>[39m
      [36m</div>[39m
    [36m</div>[39m

    [0m [90m 92 |[39m         cog[33m.[39mrender(root)[33m;[39m
     [90m 93 |[39m
    [31m[1m>[22m[39m[90m 94 |[39m         [36mconst[39m element 
[33m=[39m getByText(root[33m,[39m [32m"Hello 0!"[39m)[33m;[39m
     [90m    |[39m                                  [31m[1m^[22m[39m
     [90m 95 |[39m
     [90m 96 |[39m         
expect(element)[33m.[39mtoBeInTheDocument()[33m;[39m
     [90m 97 |[39m[0m

      at Object.getElementError (node_modules/.pnpm/@testing-library+dom@9.3.3/
node_modules/@testing-library/dom/dist/config.js:37:19)
      at node_modules/.pnpm/@testing-library+dom@9.3.3/node_modules/@testing-li
brary/dom/dist/query-helpers.js:76:38
      at node_modules/.pnpm/@testing-library+dom@9.3.3/node_modules/@testing-li
brary/dom/dist/query-helpers.js:52:17
      at node_modules/.pnpm/@testing-library+dom@9.3.3/node_modules/@testing-li
brary/dom/dist/query-helpers.js:95:19
      at Object.<anonymous> (src/__tests__/cog.spec.js:94:34)

  ΓùÅ cog ΓÇ║ update custom element children attribute

    TestingLibraryElementError: Unable to find an element with the text: Hello 
0!. This could be because the text is broken up by multiple elements. In this 
case, you can provide a function for your text matcher to make your matcher 
more flexible.

    Ignored nodes: comments, script, style
    [36m<div>[39m
      [36m<div>[39m
        [0m{{ new Array(1).fill(0).map( (n, i) =&gt; `[0m
        [36m<div>[39m
          [0mHello {{ children }}![0m
        [36m</div>[39m
        [0m`)}}[0m
      [36m</div>[39m
      [36m<div>[39m
        [36m<div>[39m
          [0mHello {{ children }}![0m
        [36m</div>[39m
      [36m</div>[39m
    [36m</div>[39m

    [0m [90m 118 |[39m         cog[33m.[39mrender(root)[33m;[39m
     [90m 119 |[39m
    [31m[1m>[22m[39m[90m 120 |[39m         [36mconst[39m element 
[33m=[39m getByText(root[33m,[39m [32m"Hello 0!"[39m)[33m;[39m
     [90m     |[39m                                  [31m[1m^[22m[39m
     [90m 121 |[39m
     [90m 122 |[39m         
expect(element)[33m.[39mtoBeInTheDocument()[33m;[39m
     [90m 123 |[39m[0m

      at Object.getElementError (node_modules/.pnpm/@testing-library+dom@9.3.3/
node_modules/@testing-library/dom/dist/config.js:37:19)
      at node_modules/.pnpm/@testing-library+dom@9.3.3/node_modules/@testing-li
brary/dom/dist/query-helpers.js:76:38
      at node_modules/.pnpm/@testing-library+dom@9.3.3/node_modules/@testing-li
brary/dom/dist/query-helpers.js:52:17
      at node_modules/.pnpm/@testing-library+dom@9.3.3/node_modules/@testing-li
brary/dom/dist/query-helpers.js:95:19
      at Object.<anonymous> (src/__tests__/cog.spec.js:120:34)

  ΓùÅ cog ΓÇ║ add children to custom element

    Found multiple elements by: [data-testid="container-add-children"]

    Here are the matching elements:

    Ignored nodes: comments, script, style
    [36m<div[39m
      [33mdata-testid[39m=[32m"container-add-children"[39m
    [36m>[39m
      [0m{{ new Array(count).fill(0).map( (n, i) =&gt; `[0m
      [36m<div>[39m
        [0mHello World![0m
      [36m</div>[39m
      [0m`)}}[0m
    [36m</div>[39m

    Ignored nodes: comments, script, style
    [36m<div[39m
      [33mdata-testid[39m=[32m"container-add-children"[39m
    [36m>[39m
      [36m<div>[39m
        [0mHello World![0m
      [36m</div>[39m
      [36m<div>[39m
        [0mHello World![0m
      [36m</div>[39m
      [36m<div>[39m
        [0mHello World![0m
      [36m</div>[39m
      [36m<div>[39m
        [0mHello World![0m
      [36m</div>[39m
      [36m<div>[39m
        [0mHello World![0m
      [36m</div>[39m
    [36m</div>[39m

    (If this is intentional, then use the `*AllBy*` variant of the query (like 
`queryAllByText`, `getAllByText`, or `findAllByText`)).

    Ignored nodes: comments, script, style
    [36m<div>[39m
      [36m<div[39m
        [33mdata-testid[39m=[32m"container-add-children"[39m
      [36m>[39m
        [0m{{ new Array(count).fill(0).map( (n, i) =&gt; `[0m
        [36m<div>[39m
          [0mHello World![0m
        [36m</div>[39m
        [0m`)}}[0m
      [36m</div>[39m
      [36m<div[39m
        [33mdata-testid[39m=[32m"container-add-children"[39m
      [36m>[39m
        [36m<div>[39m
          [0mHello World![0m
        [36m</div>[39m
        [36m<div>[39m
          [0mHello World![0m
        [36m</div>[39m
        [36m<div>[39m
          [0mHello World![0m
        [36m</div>[39m
        [36m<div>[39m
          [0mHello World![0m
        [36m</div>[39m
        [36m<div>[39m
          [0mHello World![0m
        [36m</div>[39m
      [36m</div>[39m
    [36m</div>[39m

    [0m [90m 147 |[39m         count[33m.[39mvalue [33m=[39m 
[35m5[39m[33m;[39m
     [90m 148 |[39m
    [31m[1m>[22m[39m[90m 149 |[39m         [36mawait[39m waitFor(() 
[33m=>[39m {
     [90m     |[39m                      [31m[1m^[22m[39m
     [90m 150 |[39m             expect(
     [90m 151 |[39m                 getByTestId(root[33m,[39m 
[32m"container-add-children"[39m)[33m.[39mchildren[33m.[39mlength
     [90m 152 |[39m             )[33m.[39mtoBe([35m5[39m)[33m;[39m[0m

      at waitForWrapper (node_modules/.pnpm/@testing-library+dom@9.3.3/node_mod
ules/@testing-library/dom/dist/wait-for.js:162:27)
      at Object.<anonymous> (src/__tests__/cog.spec.js:149:22)

  ΓùÅ cog ΓÇ║ remove children from custom element

    Found multiple elements by: [data-testid="container-remove-children"]

    Here are the matching elements:

    Ignored nodes: comments, script, style
    [36m<div[39m
      [33mdata-testid[39m=[32m"container-remove-children"[39m
    [36m>[39m
      [0m{{ new Array(count).fill(0).map( (n, i) =&gt; `[0m
      [36m<div>[39m
        [0mHello World![0m
      [36m</div>[39m
      [0m`)}}[0m
    [36m</div>[39m

    Ignored nodes: comments, script, style
    [36m<div[39m
      [33mdata-testid[39m=[32m"container-remove-children"[39m
    [36m>[39m
      [36m<div>[39m
        [0mHello World![0m
      [36m</div>[39m
    [36m</div>[39m

    (If this is intentional, then use the `*AllBy*` variant of the query (like 
`queryAllByText`, `getAllByText`, or `findAllByText`)).

    Ignored nodes: comments, script, style
    [36m<div>[39m
      [36m<div[39m
        [33mdata-testid[39m=[32m"container-remove-children"[39m
      [36m>[39m
        [0m{{ new Array(count).fill(0).map( (n, i) =&gt; `[0m
        [36m<div>[39m
          [0mHello World![0m
        [36m</div>[39m
        [0m`)}}[0m
      [36m</div>[39m
      [36m<div[39m
        [33mdata-testid[39m=[32m"container-remove-children"[39m
      [36m>[39m
        [36m<div>[39m
          [0mHello World![0m
        [36m</div>[39m
      [36m</div>[39m
    [36m</div>[39m

    [0m [90m 172 |[39m         count[33m.[39mvalue [33m=[39m 
[35m1[39m[33m;[39m
     [90m 173 |[39m
    [31m[1m>[22m[39m[90m 174 |[39m         [36mawait[39m waitFor(() 
[33m=>[39m {
     [90m     |[39m                      [31m[1m^[22m[39m
     [90m 175 |[39m             expect(
     [90m 176 |[39m                 getByTestId(root[33m,[39m 
[32m"container-remove-children"[39m)[33m.[39mchildren[33m.[39mlength
     [90m 177 |[39m             )[33m.[39mtoBe([35m1[39m)[33m;[39m[0m

      at waitForWrapper (node_modules/.pnpm/@testing-library+dom@9.3.3/node_mod
ules/@testing-library/dom/dist/wait-for.js:162:27)
      at Object.<anonymous> (src/__tests__/cog.spec.js:174:22)

  ΓùÅ cog ΓÇ║ update child custom elements of custom element

    expect(received).rejects.toThrow(expected)

    Expected substring: "Template my-template3 should have a single child"
    Received message:   "Cannot read properties of undefined (reading 'value')"

      at eval (eval at createExpressionScope 
(src/expressions/createExpressionScope.ts:31:35), <anonymous>:3:49)
      at expressionWithScope (src/expressions/evaluateExpression.ts:7:21)
      at evaluateTemplate (src/html/evaluateTemplate.ts:31:43)
      at registerReactiveNode (src/nodes/registerReactiveNode.ts:57:44)
      at registerChildReactiveNodes (src/nodes/registerTemplates.ts:191:44)
      at CustomElement.registerChildReactiveNodes [as connectedCallback] 
(src/nodes/registerTemplates.ts:150:13)
      at CustomElement.invokeTheCallbackFunction (node_modules/.pnpm/jsdom@20.0
.3/node_modules/jsdom/lib/jsdom/living/generated/Function.js:19:26)
      at invokeCEReactions (node_modules/.pnpm/jsdom@20.0.3/node_modules/jsdom/
lib/jsdom/living/helpers/custom-elements.js:188:31)
      at ceReactionsPostSteps (node_modules/.pnpm/jsdom@20.0.3/node_modules/jsd
om/lib/jsdom/living/helpers/custom-elements.js:54:3)
      at HTMLDivElement.replaceChild (node_modules/.pnpm/jsdom@20.0.3/node_modu
les/jsdom/lib/jsdom/living/generated/Node.js:447:9)
      at CustomElement.replaceChild [as connectedCallback] 
(src/nodes/registerTemplates.ts:164:29)
      at CustomElement.invokeTheCallbackFunction (node_modules/.pnpm/jsdom@20.0
.3/node_modules/jsdom/lib/jsdom/living/generated/Function.js:19:26)
      at invokeCEReactions (node_modules/.pnpm/jsdom@20.0.3/node_modules/jsdom/
lib/jsdom/living/helpers/custom-elements.js:188:31)
      at ceReactionsPostSteps (node_modules/.pnpm/jsdom@20.0.3/node_modules/jsd
om/lib/jsdom/living/helpers/custom-elements.js:54:3)
      at CustomElementRegistry.define (node_modules/.pnpm/jsdom@20.0.3/node_mod
ules/jsdom/lib/jsdom/living/generated/CustomElementRegistry.js:139:9)
      at define (src/nodes/registerTemplates.ts:65:20)
      at defineCustomElement (src/nodes/registerTemplates.ts:37:13)
      at Object.render (src/cog.ts:49:26)
      at Object.render (src/__tests__/cog.spec.js:199:13)
      at Object.toThrow 
(node_modules/.pnpm/expect@29.7.0/node_modules/expect/build/index.js:218:22)
      at toThrow (src/__tests__/cog.spec.js:47:42)
      at runWithExpensiveErrorDiagnosticsDisabled (node_modules/.pnpm/@testing-
library+dom@9.3.3/node_modules/@testing-library/dom/dist/config.js:47:12)
      at checkCallback (node_modules/.pnpm/@testing-library+dom@9.3.3/node_modu
les/@testing-library/dom/dist/wait-for.js:123:77)
      at node_modules/.pnpm/@testing-library+dom@9.3.3/node_modules/@testing-li
brary/dom/dist/wait-for.js:96:7
      at waitFor (node_modules/.pnpm/@testing-library+dom@9.3.3/node_modules/@t
esting-library/dom/dist/wait-for.js:36:10)
      at node_modules/.pnpm/@testing-library+dom@9.3.3/node_modules/@testing-li
brary/dom/dist/wait-for.js:163:54
      at Object.asyncWrapper (node_modules/.pnpm/@testing-library+dom@9.3.3/nod
e_modules/@testing-library/dom/dist/config.js:23:23)
      at waitForWrapper (node_modules/.pnpm/@testing-library+dom@9.3.3/node_mod
ules/@testing-library/dom/dist/wait-for.js:163:35)
      at Object.<anonymous> (src/__tests__/cog.spec.js:46:22)

  ΓùÅ cog ΓÇ║ update child custom elements of custom element

    Unable to find an element with the text: Hello World!. This could be 
because the text is broken up by multiple elements. In this case, you can 
provide a function for your text matcher to make your matcher more flexible.

    Ignored nodes: comments, script, style
    [36m<div>[39m
      [36m<div>[39m
        [0m{{ new Array(1).fill(0).map( (n, i) =&gt; `[0m
        [36m<my-template10[39m
          [33mdata-child[39m=[32m"{{dataParent}}"[39m
          [33mdata-parent-id[39m=[32m"0"[39m
        [36m/>[39m
        [0m`)}}[0m
      [36m</div>[39m
    [36m</div>[39m

    [0m [90m 199 |[39m         cog[33m.[39mrender(root)[33m;[39m
     [90m 200 |[39m
    [31m[1m>[22m[39m[90m 201 |[39m         [36mawait[39m waitFor(() 
[33m=>[39m {
     [90m     |[39m                      [31m[1m^[22m[39m
     [90m 202 |[39m             expect(getByText(root[33m,[39m [32m"Hello 
World!"[39m))[33m.[39mtoBeInTheDocument()[33m;[39m
     [90m 203 |[39m         })[33m;[39m
     [90m 204 |[39m     })[33m;[39m[0m

      at waitForWrapper (node_modules/.pnpm/@testing-library+dom@9.3.3/node_mod
ules/@testing-library/dom/dist/wait-for.js:162:27)
      at Object.<anonymous> (src/__tests__/cog.spec.js:201:22)

  ΓùÅ cog ΓÇ║ conditional attribute true

    Found multiple elements by: [data-testid="checkbox"]

    Here are the matching elements:

    Ignored nodes: comments, script, style
    [36m<input[39m
      [33mdata-attribute-checked[39m=[32m"{{ checked }}"[39m
      [33mdata-testid[39m=[32m"checkbox"[39m
      [33mtype[39m=[32m"checkbox"[39m
    [36m/>[39m

    Ignored nodes: comments, script, style
    [36m<input[39m
      [33mchecked[39m=[32m"true"[39m
      [33mdata-attribute-checked[39m=[32m"true"[39m
      [33mdata-testid[39m=[32m"checkbox"[39m
      [33mtype[39m=[32m"checkbox"[39m
    [36m/>[39m

    (If this is intentional, then use the `*AllBy*` variant of the query (like 
`queryAllByText`, `getAllByText`, or `findAllByText`)).

    Ignored nodes: comments, script, style
    [36m<div>[39m
      [36m<input[39m
        [33mdata-attribute-checked[39m=[32m"{{ checked }}"[39m
        [33mdata-testid[39m=[32m"checkbox"[39m
        [33mtype[39m=[32m"checkbox"[39m
      [36m/>[39m
      [36m<input[39m
        [33mchecked[39m=[32m"true"[39m
        [33mdata-attribute-checked[39m=[32m"true"[39m
        [33mdata-testid[39m=[32m"checkbox"[39m
        [33mtype[39m=[32m"checkbox"[39m
      [36m/>[39m
    [36m</div>[39m

    [0m [90m 242 |[39m         cog[33m.[39mrender(root)[33m;[39m
     [90m 243 |[39m
    [31m[1m>[22m[39m[90m 244 |[39m         [36mawait[39m waitFor(() 
[33m=>[39m {
     [90m     |[39m                      [31m[1m^[22m[39m
     [90m 245 |[39m             expect(getByTestId(root[33m,[39m 
[32m"checkbox"[39m))[33m.[39mtoBeChecked()[33m;[39m
     [90m 246 |[39m         })[33m;[39m
     [90m 247 |[39m     })[33m;[39m[0m

      at waitForWrapper (node_modules/.pnpm/@testing-library+dom@9.3.3/node_mod
ules/@testing-library/dom/dist/wait-for.js:162:27)
      at Object.<anonymous> (src/__tests__/cog.spec.js:244:22)

  ΓùÅ cog ΓÇ║ conditional attribute false

    Found multiple elements by: [data-testid="checkbox"]

    Here are the matching elements:

    Ignored nodes: comments, script, style
    [36m<input[39m
      [33mchecked[39m=[32m"true"[39m
      [33mdata-attribute-checked[39m=[32m"{{ checked }}"[39m
      [33mdata-testid[39m=[32m"checkbox"[39m
      [33mtype[39m=[32m"checkbox"[39m
    [36m/>[39m

    Ignored nodes: comments, script, style
    [36m<input[39m
      [33mdata-attribute-checked[39m=[32m"false"[39m
      [33mdata-testid[39m=[32m"checkbox"[39m
      [33mtype[39m=[32m"checkbox"[39m
    [36m/>[39m

    (If this is intentional, then use the `*AllBy*` variant of the query (like 
`queryAllByText`, `getAllByText`, or `findAllByText`)).

    Ignored nodes: comments, script, style
    [36m<div>[39m
      [36m<input[39m
        [33mchecked[39m=[32m"true"[39m
        [33mdata-attribute-checked[39m=[32m"{{ checked }}"[39m
        [33mdata-testid[39m=[32m"checkbox"[39m
        [33mtype[39m=[32m"checkbox"[39m
      [36m/>[39m
      [36m<input[39m
        [33mdata-attribute-checked[39m=[32m"false"[39m
        [33mdata-testid[39m=[32m"checkbox"[39m
        [33mtype[39m=[32m"checkbox"[39m
      [36m/>[39m
    [36m</div>[39m

    [0m [90m 261 |[39m         cog[33m.[39mrender(root)[33m;[39m
     [90m 262 |[39m
    [31m[1m>[22m[39m[90m 263 |[39m         [36mawait[39m waitFor(() 
[33m=>[39m {
     [90m     |[39m                      [31m[1m^[22m[39m
     [90m 264 |[39m             expect(getByTestId(root[33m,[39m 
[32m"checkbox"[39m))[33m.[39mnot[33m.[39mtoBeChecked()[33m;[39m
     [90m 265 |[39m         })[33m;[39m
     [90m 266 |[39m     })[33m;[39m[0m

      at waitForWrapper (node_modules/.pnpm/@testing-library+dom@9.3.3/node_mod
ules/@testing-library/dom/dist/wait-for.js:162:27)
      at Object.<anonymous> (src/__tests__/cog.spec.js:263:22)

Jest: "global" coverage threshold for statements (100%) not met: 80.34%
Jest: "global" coverage threshold for lines (100%) not met: 80.43%
Jest: "global" coverage threshold for functions (100%) not met: 82.78%
Summary of all failing tests
FAIL src/__tests__/nodes/reconcile.spec.js
  ΓùÅ reconcile ΓÇ║ update attribute

    TestingLibraryElementError: Found multiple elements by: 
[data-testid="checkbox"]

    Here are the matching elements:

    Ignored nodes: comments, script, style
    [36m<div[39m
      [33mdata-attribute-checked[39m=[32m"{{ checked }}"[39m
      [33mdata-testid[39m=[32m"checkbox"[39m
    [36m>[39m
      [0mHello[0m
    [36m</div>[39m

    Ignored nodes: comments, script, style
    [36m<div[39m
      [33mchecked[39m=[32m"true"[39m
      [33mdata-attribute-checked[39m=[32m"true"[39m
      [33mdata-testid[39m=[32m"checkbox"[39m
    [36m>[39m
      [0mHello[0m
    [36m</div>[39m

    (If this is intentional, then use the `*AllBy*` variant of the query (like 
`queryAllByText`, `getAllByText`, or `findAllByText`)).

    Ignored nodes: comments, script, style
    [36m<div>[39m
      [36m<div[39m
        [33mdata-attribute-checked[39m=[32m"{{ checked }}"[39m
        [33mdata-testid[39m=[32m"checkbox"[39m
      [36m>[39m
        [0mHello[0m
      [36m</div>[39m
      [36m<div[39m
        [33mchecked[39m=[32m"true"[39m
        [33mdata-attribute-checked[39m=[32m"true"[39m
        [33mdata-testid[39m=[32m"checkbox"[39m
      [36m>[39m
        [0mHello[0m
      [36m</div>[39m
    [36m</div>[39m

    [0m [90m 50 |[39m
     [90m 51 |[39m         expect(
    [31m[1m>[22m[39m[90m 52 |[39m             
getByTestId(root[33m,[39m [32m"checkbox"[39m)[33m.[39mgetAttribute([32m"
data-attribute-checked"[39m)
     [90m    |[39m                        [31m[1m^[22m[39m
     [90m 53 |[39m         )[33m.[39mtoBe([32m"true"[39m)[33m;[39m
     [90m 54 |[39m     })[33m;[39m
     [90m 55 |[39m })[33m;[39m[0m

      at Object.getElementError (node_modules/.pnpm/@testing-library+dom@9.3.3/
node_modules/@testing-library/dom/dist/config.js:37:19)
      at getElementError (node_modules/.pnpm/@testing-library+dom@9.3.3/node_mo
dules/@testing-library/dom/dist/query-helpers.js:20:35)
      at getMultipleElementsFoundError (node_modules/.pnpm/@testing-library+dom
@9.3.3/node_modules/@testing-library/dom/dist/query-helpers.js:23:10)
      at node_modules/.pnpm/@testing-library+dom@9.3.3/node_modules/@testing-li
brary/dom/dist/query-helpers.js:55:13
      at node_modules/.pnpm/@testing-library+dom@9.3.3/node_modules/@testing-li
brary/dom/dist/query-helpers.js:95:19
      at Object.<anonymous> (src/__tests__/nodes/reconcile.spec.js:52:24)

FAIL src/__tests__/cog.spec.js (6.965 s)
  ΓùÅ cog ΓÇ║ pass data to custom element through data attributes

    TestingLibraryElementError: Unable to find an element with the text: Hello 
World!. This could be because the text is broken up by multiple elements. In 
this case, you can provide a function for your text matcher to make your 
matcher more flexible.

    Ignored nodes: comments, script, style
    [36m<div>[39m
      [36m<div>[39m
        [0mHello {{ dataName }}![0m
      [36m</div>[39m
    [36m</div>[39m

    [0m [90m 26 |[39m         cog[33m.[39mrender(root)[33m;[39m
     [90m 27 |[39m
    [31m[1m>[22m[39m[90m 28 |[39m         
expect(getByText(root[33m,[39m [32m"Hello 
World!"[39m))[33m.[39mtoBeInTheDocument()[33m;[39m
     [90m    |[39m                         [31m[1m^[22m[39m
     [90m 29 |[39m     })[33m;[39m
     [90m 30 |[39m
     [90m 31 |[39m     test([32m"template should have a single 
child"[39m[33m,[39m [36masync[39m () [33m=>[39m {[0m

      at Object.getElementError (node_modules/.pnpm/@testing-library+dom@9.3.3/
node_modules/@testing-library/dom/dist/config.js:37:19)
      at node_modules/.pnpm/@testing-library+dom@9.3.3/node_modules/@testing-li
brary/dom/dist/query-helpers.js:76:38
      at node_modules/.pnpm/@testing-library+dom@9.3.3/node_modules/@testing-li
brary/dom/dist/query-helpers.js:52:17
      at node_modules/.pnpm/@testing-library+dom@9.3.3/node_modules/@testing-li
brary/dom/dist/query-helpers.js:95:19
      at Object.<anonymous> (src/__tests__/cog.spec.js:28:25)

  ΓùÅ cog ΓÇ║ update custom element reactive data attribute

    TestingLibraryElementError: Unable to find an element with the text: Hello 
World!. This could be because the text is broken up by multiple elements. In 
this case, you can provide a function for your text matcher to make your 
matcher more flexible.

    Ignored nodes: comments, script, style
    [36m<div>[39m
      [36m<div>[39m
        [0mHello {{ dataName }}![0m
      [36m</div>[39m
    [36m</div>[39m

    [0m [90m 66 |[39m         cog[33m.[39mrender(root)[33m;[39m
     [90m 67 |[39m
    [31m[1m>[22m[39m[90m 68 |[39m         [36mconst[39m element 
[33m=[39m getByText(root[33m,[39m [32m"Hello World!"[39m)[33m;[39m
     [90m    |[39m                                  [31m[1m^[22m[39m
     [90m 69 |[39m
     [90m 70 |[39m         
expect(element)[33m.[39mtoBeInTheDocument()[33m;[39m
     [90m 71 |[39m[0m

      at Object.getElementError (node_modules/.pnpm/@testing-library+dom@9.3.3/
node_modules/@testing-library/dom/dist/config.js:37:19)
      at node_modules/.pnpm/@testing-library+dom@9.3.3/node_modules/@testing-li
brary/dom/dist/query-helpers.js:76:38
      at node_modules/.pnpm/@testing-library+dom@9.3.3/node_modules/@testing-li
brary/dom/dist/query-helpers.js:52:17
      at node_modules/.pnpm/@testing-library+dom@9.3.3/node_modules/@testing-li
brary/dom/dist/query-helpers.js:95:19
      at Object.<anonymous> (src/__tests__/cog.spec.js:68:34)

  ΓùÅ cog ΓÇ║ update custom element static data attribute

    TestingLibraryElementError: Unable to find an element with the text: Hello 
0!. This could be because the text is broken up by multiple elements. In this 
case, you can provide a function for your text matcher to make your matcher 
more flexible.

    Ignored nodes: comments, script, style
    [36m<div>[39m
      [36m<div>[39m
        [0m{{ new Array(1).fill(0).map( (n, i) =&gt; `[0m
        [36m<div>[39m
          [0mHello {{ dataChild }}![0m
        [36m</div>[39m
        [0m`)}}[0m
      [36m</div>[39m
      [36m<div>[39m
        [36m<div>[39m
          [0mHello {{ dataChild }}![0m
        [36m</div>[39m
      [36m</div>[39m
    [36m</div>[39m

    [0m [90m 92 |[39m         cog[33m.[39mrender(root)[33m;[39m
     [90m 93 |[39m
    [31m[1m>[22m[39m[90m 94 |[39m         [36mconst[39m element 
[33m=[39m getByText(root[33m,[39m [32m"Hello 0!"[39m)[33m;[39m
     [90m    |[39m                                  [31m[1m^[22m[39m
     [90m 95 |[39m
     [90m 96 |[39m         
expect(element)[33m.[39mtoBeInTheDocument()[33m;[39m
     [90m 97 |[39m[0m

      at Object.getElementError (node_modules/.pnpm/@testing-library+dom@9.3.3/
node_modules/@testing-library/dom/dist/config.js:37:19)
      at node_modules/.pnpm/@testing-library+dom@9.3.3/node_modules/@testing-li
brary/dom/dist/query-helpers.js:76:38
      at node_modules/.pnpm/@testing-library+dom@9.3.3/node_modules/@testing-li
brary/dom/dist/query-helpers.js:52:17
      at node_modules/.pnpm/@testing-library+dom@9.3.3/node_modules/@testing-li
brary/dom/dist/query-helpers.js:95:19
      at Object.<anonymous> (src/__tests__/cog.spec.js:94:34)

  ΓùÅ cog ΓÇ║ update custom element children attribute

    TestingLibraryElementError: Unable to find an element with the text: Hello 
0!. This could be because the text is broken up by multiple elements. In this 
case, you can provide a function for your text matcher to make your matcher 
more flexible.

    Ignored nodes: comments, script, style
    [36m<div>[39m
      [36m<div>[39m
        [0m{{ new Array(1).fill(0).map( (n, i) =&gt; `[0m
        [36m<div>[39m
          [0mHello {{ children }}![0m
        [36m</div>[39m
        [0m`)}}[0m
      [36m</div>[39m
      [36m<div>[39m
        [36m<div>[39m
          [0mHello {{ children }}![0m
        [36m</div>[39m
      [36m</div>[39m
    [36m</div>[39m

    [0m [90m 118 |[39m         cog[33m.[39mrender(root)[33m;[39m
     [90m 119 |[39m
    [31m[1m>[22m[39m[90m 120 |[39m         [36mconst[39m element 
[33m=[39m getByText(root[33m,[39m [32m"Hello 0!"[39m)[33m;[39m
     [90m     |[39m                                  [31m[1m^[22m[39m
     [90m 121 |[39m
     [90m 122 |[39m         
expect(element)[33m.[39mtoBeInTheDocument()[33m;[39m
     [90m 123 |[39m[0m

      at Object.getElementError (node_modules/.pnpm/@testing-library+dom@9.3.3/
node_modules/@testing-library/dom/dist/config.js:37:19)
      at node_modules/.pnpm/@testing-library+dom@9.3.3/node_modules/@testing-li
brary/dom/dist/query-helpers.js:76:38
      at node_modules/.pnpm/@testing-library+dom@9.3.3/node_modules/@testing-li
brary/dom/dist/query-helpers.js:52:17
      at node_modules/.pnpm/@testing-library+dom@9.3.3/node_modules/@testing-li
brary/dom/dist/query-helpers.js:95:19
      at Object.<anonymous> (src/__tests__/cog.spec.js:120:34)

  ΓùÅ cog ΓÇ║ add children to custom element

    Found multiple elements by: [data-testid="container-add-children"]

    Here are the matching elements:

    Ignored nodes: comments, script, style
    [36m<div[39m
      [33mdata-testid[39m=[32m"container-add-children"[39m
    [36m>[39m
      [0m{{ new Array(count).fill(0).map( (n, i) =&gt; `[0m
      [36m<div>[39m
        [0mHello World![0m
      [36m</div>[39m
      [0m`)}}[0m
    [36m</div>[39m

    Ignored nodes: comments, script, style
    [36m<div[39m
      [33mdata-testid[39m=[32m"container-add-children"[39m
    [36m>[39m
      [36m<div>[39m
        [0mHello World![0m
      [36m</div>[39m
      [36m<div>[39m
        [0mHello World![0m
      [36m</div>[39m
      [36m<div>[39m
        [0mHello World![0m
      [36m</div>[39m
      [36m<div>[39m
        [0mHello World![0m
      [36m</div>[39m
      [36m<div>[39m
        [0mHello World![0m
      [36m</div>[39m
    [36m</div>[39m

    (If this is intentional, then use the `*AllBy*` variant of the query (like 
`queryAllByText`, `getAllByText`, or `findAllByText`)).

    Ignored nodes: comments, script, style
    [36m<div>[39m
      [36m<div[39m
        [33mdata-testid[39m=[32m"container-add-children"[39m
      [36m>[39m
        [0m{{ new Array(count).fill(0).map( (n, i) =&gt; `[0m
        [36m<div>[39m
          [0mHello World![0m
        [36m</div>[39m
        [0m`)}}[0m
      [36m</div>[39m
      [36m<div[39m
        [33mdata-testid[39m=[32m"container-add-children"[39m
      [36m>[39m
        [36m<div>[39m
          [0mHello World![0m
        [36m</div>[39m
        [36m<div>[39m
          [0mHello World![0m
        [36m</div>[39m
        [36m<div>[39m
          [0mHello World![0m
        [36m</div>[39m
        [36m<div>[39m
          [0mHello World![0m
        [36m</div>[39m
        [36m<div>[39m
          [0mHello World![0m
        [36m</div>[39m
      [36m</div>[39m
    [36m</div>[39m

    [0m [90m 147 |[39m         count[33m.[39mvalue [33m=[39m 
[35m5[39m[33m;[39m
     [90m 148 |[39m
    [31m[1m>[22m[39m[90m 149 |[39m         [36mawait[39m waitFor(() 
[33m=>[39m {
     [90m     |[39m                      [31m[1m^[22m[39m
     [90m 150 |[39m             expect(
     [90m 151 |[39m                 getByTestId(root[33m,[39m 
[32m"container-add-children"[39m)[33m.[39mchildren[33m.[39mlength
     [90m 152 |[39m             )[33m.[39mtoBe([35m5[39m)[33m;[39m[0m

      at waitForWrapper (node_modules/.pnpm/@testing-library+dom@9.3.3/node_mod
ules/@testing-library/dom/dist/wait-for.js:162:27)
      at Object.<anonymous> (src/__tests__/cog.spec.js:149:22)

  ΓùÅ cog ΓÇ║ remove children from custom element

    Found multiple elements by: [data-testid="container-remove-children"]

    Here are the matching elements:

    Ignored nodes: comments, script, style
    [36m<div[39m
      [33mdata-testid[39m=[32m"container-remove-children"[39m
    [36m>[39m
      [0m{{ new Array(count).fill(0).map( (n, i) =&gt; `[0m
      [36m<div>[39m
        [0mHello World![0m
      [36m</div>[39m
      [0m`)}}[0m
    [36m</div>[39m

    Ignored nodes: comments, script, style
    [36m<div[39m
      [33mdata-testid[39m=[32m"container-remove-children"[39m
    [36m>[39m
      [36m<div>[39m
        [0mHello World![0m
      [36m</div>[39m
    [36m</div>[39m

    (If this is intentional, then use the `*AllBy*` variant of the query (like 
`queryAllByText`, `getAllByText`, or `findAllByText`)).

    Ignored nodes: comments, script, style
    [36m<div>[39m
      [36m<div[39m
        [33mdata-testid[39m=[32m"container-remove-children"[39m
      [36m>[39m
        [0m{{ new Array(count).fill(0).map( (n, i) =&gt; `[0m
        [36m<div>[39m
          [0mHello World![0m
        [36m</div>[39m
        [0m`)}}[0m
      [36m</div>[39m
      [36m<div[39m
        [33mdata-testid[39m=[32m"container-remove-children"[39m
      [36m>[39m
        [36m<div>[39m
          [0mHello World![0m
        [36m</div>[39m
      [36m</div>[39m
    [36m</div>[39m

    [0m [90m 172 |[39m         count[33m.[39mvalue [33m=[39m 
[35m1[39m[33m;[39m
     [90m 173 |[39m
    [31m[1m>[22m[39m[90m 174 |[39m         [36mawait[39m waitFor(() 
[33m=>[39m {
     [90m     |[39m                      [31m[1m^[22m[39m
     [90m 175 |[39m             expect(
     [90m 176 |[39m                 getByTestId(root[33m,[39m 
[32m"container-remove-children"[39m)[33m.[39mchildren[33m.[39mlength
     [90m 177 |[39m             )[33m.[39mtoBe([35m1[39m)[33m;[39m[0m

      at waitForWrapper (node_modules/.pnpm/@testing-library+dom@9.3.3/node_mod
ules/@testing-library/dom/dist/wait-for.js:162:27)
      at Object.<anonymous> (src/__tests__/cog.spec.js:174:22)

  ΓùÅ cog ΓÇ║ update child custom elements of custom element

    expect(received).rejects.toThrow(expected)

    Expected substring: "Template my-template3 should have a single child"
    Received message:   "Cannot read properties of undefined (reading 'value')"

      at eval (eval at createExpressionScope 
(src/expressions/createExpressionScope.ts:31:35), <anonymous>:3:49)
      at expressionWithScope (src/expressions/evaluateExpression.ts:7:21)
      at evaluateTemplate (src/html/evaluateTemplate.ts:31:43)
      at registerReactiveNode (src/nodes/registerReactiveNode.ts:57:44)
      at registerChildReactiveNodes (src/nodes/registerTemplates.ts:191:44)
      at CustomElement.registerChildReactiveNodes [as connectedCallback] 
(src/nodes/registerTemplates.ts:150:13)
      at CustomElement.invokeTheCallbackFunction (node_modules/.pnpm/jsdom@20.0
.3/node_modules/jsdom/lib/jsdom/living/generated/Function.js:19:26)
      at invokeCEReactions (node_modules/.pnpm/jsdom@20.0.3/node_modules/jsdom/
lib/jsdom/living/helpers/custom-elements.js:188:31)
      at ceReactionsPostSteps (node_modules/.pnpm/jsdom@20.0.3/node_modules/jsd
om/lib/jsdom/living/helpers/custom-elements.js:54:3)
      at HTMLDivElement.replaceChild (node_modules/.pnpm/jsdom@20.0.3/node_modu
les/jsdom/lib/jsdom/living/generated/Node.js:447:9)
      at CustomElement.replaceChild [as connectedCallback] 
(src/nodes/registerTemplates.ts:164:29)
      at CustomElement.invokeTheCallbackFunction (node_modules/.pnpm/jsdom@20.0
.3/node_modules/jsdom/lib/jsdom/living/generated/Function.js:19:26)
      at invokeCEReactions (node_modules/.pnpm/jsdom@20.0.3/node_modules/jsdom/
lib/jsdom/living/helpers/custom-elements.js:188:31)
      at ceReactionsPostSteps (node_modules/.pnpm/jsdom@20.0.3/node_modules/jsd
om/lib/jsdom/living/helpers/custom-elements.js:54:3)
      at CustomElementRegistry.define (node_modules/.pnpm/jsdom@20.0.3/node_mod
ules/jsdom/lib/jsdom/living/generated/CustomElementRegistry.js:139:9)
      at define (src/nodes/registerTemplates.ts:65:20)
      at defineCustomElement (src/nodes/registerTemplates.ts:37:13)
      at Object.render (src/cog.ts:49:26)
      at Object.render (src/__tests__/cog.spec.js:199:13)
      at Object.toThrow 
(node_modules/.pnpm/expect@29.7.0/node_modules/expect/build/index.js:218:22)
      at toThrow (src/__tests__/cog.spec.js:47:42)
      at runWithExpensiveErrorDiagnosticsDisabled (node_modules/.pnpm/@testing-
library+dom@9.3.3/node_modules/@testing-library/dom/dist/config.js:47:12)
      at checkCallback (node_modules/.pnpm/@testing-library+dom@9.3.3/node_modu
les/@testing-library/dom/dist/wait-for.js:123:77)
      at node_modules/.pnpm/@testing-library+dom@9.3.3/node_modules/@testing-li
brary/dom/dist/wait-for.js:96:7
      at waitFor (node_modules/.pnpm/@testing-library+dom@9.3.3/node_modules/@t
esting-library/dom/dist/wait-for.js:36:10)
      at node_modules/.pnpm/@testing-library+dom@9.3.3/node_modules/@testing-li
brary/dom/dist/wait-for.js:163:54
      at Object.asyncWrapper (node_modules/.pnpm/@testing-library+dom@9.3.3/nod
e_modules/@testing-library/dom/dist/config.js:23:23)
      at waitForWrapper (node_modules/.pnpm/@testing-library+dom@9.3.3/node_mod
ules/@testing-library/dom/dist/wait-for.js:163:35)
      at Object.<anonymous> (src/__tests__/cog.spec.js:46:22)

  ΓùÅ cog ΓÇ║ update child custom elements of custom element

    Unable to find an element with the text: Hello World!. This could be 
because the text is broken up by multiple elements. In this case, you can 
provide a function for your text matcher to make your matcher more flexible.

    Ignored nodes: comments, script, style
    [36m<div>[39m
      [36m<div>[39m
        [0m{{ new Array(1).fill(0).map( (n, i) =&gt; `[0m
        [36m<my-template10[39m
          [33mdata-child[39m=[32m"{{dataParent}}"[39m
          [33mdata-parent-id[39m=[32m"0"[39m
        [36m/>[39m
        [0m`)}}[0m
      [36m</div>[39m
    [36m</div>[39m

    [0m [90m 199 |[39m         cog[33m.[39mrender(root)[33m;[39m
     [90m 200 |[39m
    [31m[1m>[22m[39m[90m 201 |[39m         [36mawait[39m waitFor(() 
[33m=>[39m {
     [90m     |[39m                      [31m[1m^[22m[39m
     [90m 202 |[39m             expect(getByText(root[33m,[39m [32m"Hello 
World!"[39m))[33m.[39mtoBeInTheDocument()[33m;[39m
     [90m 203 |[39m         })[33m;[39m
     [90m 204 |[39m     })[33m;[39m[0m

      at waitForWrapper (node_modules/.pnpm/@testing-library+dom@9.3.3/node_mod
ules/@testing-library/dom/dist/wait-for.js:162:27)
      at Object.<anonymous> (src/__tests__/cog.spec.js:201:22)

  ΓùÅ cog ΓÇ║ conditional attribute true

    Found multiple elements by: [data-testid="checkbox"]

    Here are the matching elements:

    Ignored nodes: comments, script, style
    [36m<input[39m
      [33mdata-attribute-checked[39m=[32m"{{ checked }}"[39m
      [33mdata-testid[39m=[32m"checkbox"[39m
      [33mtype[39m=[32m"checkbox"[39m
    [36m/>[39m

    Ignored nodes: comments, script, style
    [36m<input[39m
      [33mchecked[39m=[32m"true"[39m
      [33mdata-attribute-checked[39m=[32m"true"[39m
      [33mdata-testid[39m=[32m"checkbox"[39m
      [33mtype[39m=[32m"checkbox"[39m
    [36m/>[39m

    (If this is intentional, then use the `*AllBy*` variant of the query (like 
`queryAllByText`, `getAllByText`, or `findAllByText`)).

    Ignored nodes: comments, script, style
    [36m<div>[39m
      [36m<input[39m
        [33mdata-attribute-checked[39m=[32m"{{ checked }}"[39m
        [33mdata-testid[39m=[32m"checkbox"[39m
        [33mtype[39m=[32m"checkbox"[39m
      [36m/>[39m
      [36m<input[39m
        [33mchecked[39m=[32m"true"[39m
        [33mdata-attribute-checked[39m=[32m"true"[39m
        [33mdata-testid[39m=[32m"checkbox"[39m
        [33mtype[39m=[32m"checkbox"[39m
      [36m/>[39m
    [36m</div>[39m

    [0m [90m 242 |[39m         cog[33m.[39mrender(root)[33m;[39m
     [90m 243 |[39m
    [31m[1m>[22m[39m[90m 244 |[39m         [36mawait[39m waitFor(() 
[33m=>[39m {
     [90m     |[39m                      [31m[1m^[22m[39m
     [90m 245 |[39m             expect(getByTestId(root[33m,[39m 
[32m"checkbox"[39m))[33m.[39mtoBeChecked()[33m;[39m
     [90m 246 |[39m         })[33m;[39m
     [90m 247 |[39m     })[33m;[39m[0m

      at waitForWrapper (node_modules/.pnpm/@testing-library+dom@9.3.3/node_mod
ules/@testing-library/dom/dist/wait-for.js:162:27)
      at Object.<anonymous> (src/__tests__/cog.spec.js:244:22)

  ΓùÅ cog ΓÇ║ conditional attribute false

    Found multiple elements by: [data-testid="checkbox"]

    Here are the matching elements:

    Ignored nodes: comments, script, style
    [36m<input[39m
      [33mchecked[39m=[32m"true"[39m
      [33mdata-attribute-checked[39m=[32m"{{ checked }}"[39m
      [33mdata-testid[39m=[32m"checkbox"[39m
      [33mtype[39m=[32m"checkbox"[39m
    [36m/>[39m

    Ignored nodes: comments, script, style
    [36m<input[39m
      [33mdata-attribute-checked[39m=[32m"false"[39m
      [33mdata-testid[39m=[32m"checkbox"[39m
      [33mtype[39m=[32m"checkbox"[39m
    [36m/>[39m

    (If this is intentional, then use the `*AllBy*` variant of the query (like 
`queryAllByText`, `getAllByText`, or `findAllByText`)).

    Ignored nodes: comments, script, style
    [36m<div>[39m
      [36m<input[39m
        [33mchecked[39m=[32m"true"[39m
        [33mdata-attribute-checked[39m=[32m"{{ checked }}"[39m
        [33mdata-testid[39m=[32m"checkbox"[39m
        [33mtype[39m=[32m"checkbox"[39m
      [36m/>[39m
      [36m<input[39m
        [33mdata-attribute-checked[39m=[32m"false"[39m
        [33mdata-testid[39m=[32m"checkbox"[39m
        [33mtype[39m=[32m"checkbox"[39m
      [36m/>[39m
    [36m</div>[39m

    [0m [90m 261 |[39m         cog[33m.[39mrender(root)[33m;[39m
     [90m 262 |[39m
    [31m[1m>[22m[39m[90m 263 |[39m         [36mawait[39m waitFor(() 
[33m=>[39m {
     [90m     |[39m                      [31m[1m^[22m[39m
     [90m 264 |[39m             expect(getByTestId(root[33m,[39m 
[32m"checkbox"[39m))[33m.[39mnot[33m.[39mtoBeChecked()[33m;[39m
     [90m 265 |[39m         })[33m;[39m
     [90m 266 |[39m     })[33m;[39m[0m

      at waitForWrapper (node_modules/.pnpm/@testing-library+dom@9.3.3/node_mod
ules/@testing-library/dom/dist/wait-for.js:162:27)
      at Object.<anonymous> (src/__tests__/cog.spec.js:263:22)


Test Suites: 2 failed, 27 passed, 29 total
Tests:       10 failed, 107 passed, 117 total
Snapshots:   0 total
Time:        8.876 s
Ran all test suites.
